// Jest Snapshot v1, https://goo.gl/fbAQLP

exports[`Testing in <GifGrid /> component should mostrar correctly 1`] = `
<Fragment>
  <h3
    className="card animate__animated animate__fadeIn"
  >
    One punch
  </h3>
  <p
    className="animate__animated animate__fadeIn"
  >
    Loading
  </p>
  <div
    className="card-grid"
  />
</Fragment>
`;
