// Jest Snapshot v1, https://goo.gl/fbAQLP

exports[`Testing in <PrimeraApp /> should be testing CounterApp 1`] = `
<div>
  <h1>
    CounterAPP
  </h1>
  <h2>
    1
  </h2>
  <h3>
    El nombre por defecto es : 
    1
  </h3>
  <button
    onClick={[Function]}
  >
    +1
  </button>
  <button
    onClick={[Function]}
  >
    Reset
  </button>
  <button
    onClick={[Function]}
  >
    -1
  </button>
</div>
`;
